// Vitest Snapshot v1

exports[`AddToReservationBtn.vue > Match snapshot 1`] = `"<div data-v-9348ee48=\\"\\"><button class=\\"add-btn animate\\" data-v-9348ee48=\\"\\"> Add </button></div>"`;
