// Vitest Snapshot v1

exports[`SelectDropdown.vue > Match snapshot 1`] = `"<select data-v-0484f41b=\\"\\"></select>"`;
